.\gradlew : WARNING: A restricted method in java.lang.System has been called
Au caractère Ligne:1 : 1
+ .\gradlew assembleDebug --no-daemon 2>&1 > build_output.txt ; echo "E ...
+ ~~~~~~~~~~~~~~~~~~~~~~~~~~~~~~~~~~~~~~~~~~~~~~~~~~~~~~~~~~~
    + CategoryInfo          : NotSpecified: (WARNING: A rest...has been called 
   :String) [], RemoteException
    + FullyQualifiedErrorId : NativeCommandError
 
WARNING: java.lang.System::load has been called by 
net.rubygrapefruit.platform.internal.NativeLibraryLoader in an unnamed module (
file:/C:/Users/morgane/.gradle/wrapper/dists/gradle-8.12-bin/cetblhg4pflnnks72f
xwobvgv/gradle-8.12/lib/native-platform-0.22-milestone-27.jar)
WARNING: Use --enable-native-access=ALL-UNNAMED to avoid a warning for callers 
in this module
WARNING: Restricted methods will be blocked in a future release unless native 
access is enabled

To honour the JVM settings for this build a single-use Daemon process will be forked. For more on this, please refer to https://docs.gradle.org/8.12/userguide/gradle_daemon.html#sec:disabling_the_daemon in the Gradle documentation.
Daemon will be stopped at the end of the build 

FAILURE: Build failed with an exception.

* What went wrong:
BUG! exception in phase 'semantic analysis' in source unit '_BuildScript_' 
Unsupported class file major version 69
> Unsupported class file major version 69

* Try:
> Run with --stacktrace option to get the stack trace.
> Run with --info or --debug option to get more log output.
> Run with --scan to get full insights.
> Get more help at https://help.gradle.org.

BUILD FAILED in 33s
EXIT CODE: 1
